
> royal-shetkari-backend@1.0.0 test
> jest --runInBand --passWithNoTests tests/integration/auth.test.js

  console.log
    Γùç injected env (16) from .env // tip: Γîÿ override existing { override: true }

      at _log (node_modules/dotenv/lib/main.js:131:11)

  console.log
    Γùç injected env (4) from .env.test // tip: Γùê secrets for agents [www.dotenvx.com]

      at _log (node_modules/dotenv/lib/main.js:131:11)

[32minfo[39m: Initializing Redis client with host: redis-15317.c85.us-east-1-2.ec2.cloud.redislabs.com, port: 15317... {"service":"royal-shetkari-backend","timestamp":"2026-06-21 15:18:17"}
  console.error
    express-rate-limit: async error during store initialization. TypeError: redisClient.call is not a function
        at RedisStore.call (C:\Users\sai\Desktop\royal_shetkari_app\backend\src\middleware\security.js:43:43)
        at RedisStore.sendCommand (C:\Users\sai\Desktop\royal_shetkari_app\backend\node_modules\rate-limit-redis\dist\index.cjs:85:49)
        at RedisStore.loadIncrementScript (C:\Users\sai\Desktop\royal_shetkari_app\backend\node_modules\rate-limit-redis\dist\index.cjs:100:31)
        at RedisStore.init (C:\Users\sai\Desktop\royal_shetkari_app\backend\node_modules\rate-limit-redis\dist\index.cjs:166:36)
        at rateLimit (C:\Users\sai\Desktop\royal_shetkari_app\backend\node_modules\express-rate-limit\dist\index.cjs:866:38)
        at Object.rateLimit (C:\Users\sai\Desktop\royal_shetkari_app\backend\src\middleware\security.js:41:22)
        at Runtime._execModule (C:\Users\sai\Desktop\royal_shetkari_app\backend\node_modules\jest-runtime\build\index.js:1439:24)
        at Runtime._loadModule (C:\Users\sai\Desktop\royal_shetkari_app\backend\node_modules\jest-runtime\build\index.js:1022:12)
        at Runtime.requireModule (C:\Users\sai\Desktop\royal_shetkari_app\backend\node_modules\jest-runtime\build\index.js:882:12)
        at Runtime.requireModuleOrMock (C:\Users\sai\Desktop\royal_shetkari_app\backend\node_modules\jest-runtime\build\index.js:1048:21)
        at Object.require (C:\Users\sai\Desktop\royal_shetkari_app\backend\src\routes\v1\authRoutes.js:17:25)
        at Runtime._execModule (C:\Users\sai\Desktop\royal_shetkari_app\backend\node_modules\jest-runtime\build\index.js:1439:24)
        at Runtime._loadModule (C:\Users\sai\Desktop\royal_shetkari_app\backend\node_modules\jest-runtime\build\index.js:1022:12)
        at Runtime.requireModule (C:\Users\sai\Desktop\royal_shetkari_app\backend\node_modules\jest-runtime\build\index.js:882:12)
        at Runtime.requireModuleOrMock (C:\Users\sai\Desktop\royal_shetkari_app\backend\node_modules\jest-runtime\build\index.js:1048:21)
        at Object.require (C:\Users\sai\Desktop\royal_shetkari_app\backend\src\app.js:11:20)
        at Runtime._execModule (C:\Users\sai\Desktop\royal_shetkari_app\backend\node_modules\jest-runtime\build\index.js:1439:24)
        at Runtime._loadModule (C:\Users\sai\Desktop\royal_shetkari_app\backend\node_modules\jest-runtime\build\index.js:1022:12)
        at Runtime.requireModule (C:\Users\sai\Desktop\royal_shetkari_app\backend\node_modules\jest-runtime\build\index.js:882:12)
        at Runtime.requireModuleOrMock (C:\Users\sai\Desktop\royal_shetkari_app\backend\node_modules\jest-runtime\build\index.js:1048:21)
        at Object.require (C:\Users\sai\Desktop\royal_shetkari_app\backend\tests\integration\auth.test.js:2:13)
        at Runtime._execModule (C:\Users\sai\Desktop\royal_shetkari_app\backend\node_modules\jest-runtime\build\index.js:1439:24)
        at Runtime._loadModule (C:\Users\sai\Desktop\royal_shetkari_app\backend\node_modules\jest-runtime\build\index.js:1022:12)
        at Runtime.requireModule (C:\Users\sai\Desktop\royal_shetkari_app\backend\node_modules\jest-runtime\build\index.js:882:12)
        at jestAdapter (C:\Users\sai\Desktop\royal_shetkari_app\backend\node_modules\jest-circus\build\legacy-code-todo-rewrite\jestAdapter.js:77:13)
        at runTestInternal (C:\Users\sai\Desktop\royal_shetkari_app\backend\node_modules\jest-runner\build\runTest.js:367:16)
        at runTest (C:\Users\sai\Desktop\royal_shetkari_app\backend\node_modules\jest-runner\build\runTest.js:444:34)

      at Object.error (node_modules/express-rate-limit/dist/index.cjs:210:13)
      at node_modules/express-rate-limit/dist/index.cjs:869:36

  console.error
    express-rate-limit: async error during store initialization. TypeError: redisClient.call is not a function
        at RedisStore.call (C:\Users\sai\Desktop\royal_shetkari_app\backend\src\middleware\security.js:58:43)
        at RedisStore.sendCommand (C:\Users\sai\Desktop\royal_shetkari_app\backend\node_modules\rate-limit-redis\dist\index.cjs:85:49)
        at RedisStore.loadIncrementScript (C:\Users\sai\Desktop\royal_shetkari_app\backend\node_modules\rate-limit-redis\dist\index.cjs:100:31)
        at RedisStore.init (C:\Users\sai\Desktop\royal_shetkari_app\backend\node_modules\rate-limit-redis\dist\index.cjs:166:36)
        at rateLimit (C:\Users\sai\Desktop\royal_shetkari_app\backend\node_modules\express-rate-limit\dist\index.cjs:866:38)
        at Object.rateLimit (C:\Users\sai\Desktop\royal_shetkari_app\backend\src\middleware\security.js:56:32)
        at Runtime._execModule (C:\Users\sai\Desktop\royal_shetkari_app\backend\node_modules\jest-runtime\build\index.js:1439:24)
        at Runtime._loadModule (C:\Users\sai\Desktop\royal_shetkari_app\backend\node_modules\jest-runtime\build\index.js:1022:12)
        at Runtime.requireModule (C:\Users\sai\Desktop\royal_shetkari_app\backend\node_modules\jest-runtime\build\index.js:882:12)
        at Runtime.requireModuleOrMock (C:\Users\sai\Desktop\royal_shetkari_app\backend\node_modules\jest-runtime\build\index.js:1048:21)
        at Object.require (C:\Users\sai\Desktop\royal_shetkari_app\backend\src\routes\v1\authRoutes.js:17:25)
        at Runtime._execModule (C:\Users\sai\Desktop\royal_shetkari_app\backend\node_modules\jest-runtime\build\index.js:1439:24)
        at Runtime._loadModule (C:\Users\sai\Desktop\royal_shetkari_app\backend\node_modules\jest-runtime\build\index.js:1022:12)
        at Runtime.requireModule (C:\Users\sai\Desktop\royal_shetkari_app\backend\node_modules\jest-runtime\build\index.js:882:12)
        at Runtime.requireModuleOrMock (C:\Users\sai\Desktop\royal_shetkari_app\backend\node_modules\jest-runtime\build\index.js:1048:21)
        at Object.require (C:\Users\sai\Desktop\royal_shetkari_app\backend\src\app.js:11:20)
        at Runtime._execModule (C:\Users\sai\Desktop\royal_shetkari_app\backend\node_modules\jest-runtime\build\index.js:1439:24)
        at Runtime._loadModule (C:\Users\sai\Desktop\royal_shetkari_app\backend\node_modules\jest-runtime\build\index.js:1022:12)
        at Runtime.requireModule (C:\Users\sai\Desktop\royal_shetkari_app\backend\node_modules\jest-runtime\build\index.js:882:12)
        at Runtime.requireModuleOrMock (C:\Users\sai\Desktop\royal_shetkari_app\backend\node_modules\jest-runtime\build\index.js:1048:21)
        at Object.require (C:\Users\sai\Desktop\royal_shetkari_app\backend\tests\integration\auth.test.js:2:13)
        at Runtime._execModule (C:\Users\sai\Desktop\royal_shetkari_app\backend\node_modules\jest-runtime\build\index.js:1439:24)
        at Runtime._loadModule (C:\Users\sai\Desktop\royal_shetkari_app\backend\node_modules\jest-runtime\build\index.js:1022:12)
        at Runtime.requireModule (C:\Users\sai\Desktop\royal_shetkari_app\backend\node_modules\jest-runtime\build\index.js:882:12)
        at jestAdapter (C:\Users\sai\Desktop\royal_shetkari_app\backend\node_modules\jest-circus\build\legacy-code-todo-rewrite\jestAdapter.js:77:13)
        at runTestInternal (C:\Users\sai\Desktop\royal_shetkari_app\backend\node_modules\jest-runner\build\runTest.js:367:16)
        at runTest (C:\Users\sai\Desktop\royal_shetkari_app\backend\node_modules\jest-runner\build\runTest.js:444:34)

      at Object.error (node_modules/express-rate-limit/dist/index.cjs:210:13)
      at node_modules/express-rate-limit/dist/index.cjs:869:36

  console.error
    express-rate-limit: async error during store initialization. TypeError: redisClient.call is not a function
        at RedisStore.call (C:\Users\sai\Desktop\royal_shetkari_app\backend\src\middleware\security.js:77:43)
        at RedisStore.sendCommand (C:\Users\sai\Desktop\royal_shetkari_app\backend\node_modules\rate-limit-redis\dist\index.cjs:85:49)
        at RedisStore.loadIncrementScript (C:\Users\sai\Desktop\royal_shetkari_app\backend\node_modules\rate-limit-redis\dist\index.cjs:100:31)
        at RedisStore.init (C:\Users\sai\Desktop\royal_shetkari_app\backend\node_modules\rate-limit-redis\dist\index.cjs:166:36)
        at rateLimit (C:\Users\sai\Desktop\royal_shetkari_app\backend\node_modules\express-rate-limit\dist\index.cjs:866:38)
        at Object.rateLimit (C:\Users\sai\Desktop\royal_shetkari_app\backend\src\middleware\security.js:75:23)
        at Runtime._execModule (C:\Users\sai\Desktop\royal_shetkari_app\backend\node_modules\jest-runtime\build\index.js:1439:24)
        at Runtime._loadModule (C:\Users\sai\Desktop\royal_shetkari_app\backend\node_modules\jest-runtime\build\index.js:1022:12)
        at Runtime.requireModule (C:\Users\sai\Desktop\royal_shetkari_app\backend\node_modules\jest-runtime\build\index.js:882:12)
        at Runtime.requireModuleOrMock (C:\Users\sai\Desktop\royal_shetkari_app\backend\node_modules\jest-runtime\build\index.js:1048:21)
        at Object.require (C:\Users\sai\Desktop\royal_shetkari_app\backend\src\routes\v1\authRoutes.js:17:25)
        at Runtime._execModule (C:\Users\sai\Desktop\royal_shetkari_app\backend\node_modules\jest-runtime\build\index.js:1439:24)
        at Runtime._loadModule (C:\Users\sai\Desktop\royal_shetkari_app\backend\node_modules\jest-runtime\build\index.js:1022:12)
        at Runtime.requireModule (C:\Users\sai\Desktop\royal_shetkari_app\backend\node_modules\jest-runtime\build\index.js:882:12)
        at Runtime.requireModuleOrMock (C:\Users\sai\Desktop\royal_shetkari_app\backend\node_modules\jest-runtime\build\index.js:1048:21)
        at Object.require (C:\Users\sai\Desktop\royal_shetkari_app\backend\src\app.js:11:20)
        at Runtime._execModule (C:\Users\sai\Desktop\royal_shetkari_app\backend\node_modules\jest-runtime\build\index.js:1439:24)
        at Runtime._loadModule (C:\Users\sai\Desktop\royal_shetkari_app\backend\node_modules\jest-runtime\build\index.js:1022:12)
        at Runtime.requireModule (C:\Users\sai\Desktop\royal_shetkari_app\backend\node_modules\jest-runtime\build\index.js:882:12)
        at Runtime.requireModuleOrMock (C:\Users\sai\Desktop\royal_shetkari_app\backend\node_modules\jest-runtime\build\index.js:1048:21)
        at Object.require (C:\Users\sai\Desktop\royal_shetkari_app\backend\tests\integration\auth.test.js:2:13)
        at Runtime._execModule (C:\Users\sai\Desktop\royal_shetkari_app\backend\node_modules\jest-runtime\build\index.js:1439:24)
        at Runtime._loadModule (C:\Users\sai\Desktop\royal_shetkari_app\backend\node_modules\jest-runtime\build\index.js:1022:12)
        at Runtime.requireModule (C:\Users\sai\Desktop\royal_shetkari_app\backend\node_modules\jest-runtime\build\index.js:882:12)
        at jestAdapter (C:\Users\sai\Desktop\royal_shetkari_app\backend\node_modules\jest-circus\build\legacy-code-todo-rewrite\jestAdapter.js:77:13)
        at runTestInternal (C:\Users\sai\Desktop\royal_shetkari_app\backend\node_modules\jest-runner\build\runTest.js:367:16)
        at runTest (C:\Users\sai\Desktop\royal_shetkari_app\backend\node_modules\jest-runner\build\runTest.js:444:34)

      at Object.error (node_modules/express-rate-limit/dist/index.cjs:210:13)
      at node_modules/express-rate-limit/dist/index.cjs:869:36

[32minfo[39m: Γ£à Redis connected successfully {"service":"royal-shetkari-backend","timestamp":"2026-06-21 15:18:18"}
[32minfo[39m: Γ£à Redis connected successfully {"service":"royal-shetkari-backend","timestamp":"2026-06-21 15:18:18"}
[31merror[39m: redisClient.call is not a function {"method":"POST","requestId":"94b2c8d8-3fc9-4a47-98c3-59362aa79895","service":"royal-shetkari-backend","stack":"TypeError: redisClient.call is not a function\n    at RedisStore.call (C:\\Users\\sai\\Desktop\\royal_shetkari_app\\backend\\src\\middleware\\security.js:43:43)\n    at RedisStore.sendCommand (C:\\Users\\sai\\Desktop\\royal_shetkari_app\\backend\\node_modules\\rate-limit-redis\\dist\\index.cjs:85:49)\n    at RedisStore.loadIncrementScript (C:\\Users\\sai\\Desktop\\royal_shetkari_app\\backend\\node_modules\\rate-limit-redis\\dist\\index.cjs:100:31)\n    at RedisStore.retryableIncrement (C:\\Users\\sai\\Desktop\\royal_shetkari_app\\backend\\node_modules\\rate-limit-redis\\dist\\index.cjs:145:38)\n    at RedisStore.increment (C:\\Users\\sai\\Desktop\\royal_shetkari_app\\backend\\node_modules\\rate-limit-redis\\dist\\index.cjs:201:21)\n    at C:\\Users\\sai\\Desktop\\royal_shetkari_app\\backend\\node_modules\\express-rate-limit\\dist\\index.cjs:897:33\n    at C:\\Users\\sai\\Desktop\\royal_shetkari_app\\backend\\node_modules\\express-rate-limit\\dist\\index.cjs:854:5","timestamp":"2026-06-21 15:18:18","url":"/api/v1/register"}
[31merror[39m: redisClient.call is not a function {"method":"POST","requestId":"171088cb-61fc-4656-bdc6-3f7b16bd2e5d","service":"royal-shetkari-backend","stack":"TypeError: redisClient.call is not a function\n    at RedisStore.call (C:\\Users\\sai\\Desktop\\royal_shetkari_app\\backend\\src\\middleware\\security.js:43:43)\n    at RedisStore.sendCommand (C:\\Users\\sai\\Desktop\\royal_shetkari_app\\backend\\node_modules\\rate-limit-redis\\dist\\index.cjs:85:49)\n    at RedisStore.loadIncrementScript (C:\\Users\\sai\\Desktop\\royal_shetkari_app\\backend\\node_modules\\rate-limit-redis\\dist\\index.cjs:100:31)\n    at RedisStore.retryableIncrement (C:\\Users\\sai\\Desktop\\royal_shetkari_app\\backend\\node_modules\\rate-limit-redis\\dist\\index.cjs:145:38)\n    at RedisStore.increment (C:\\Users\\sai\\Desktop\\royal_shetkari_app\\backend\\node_modules\\rate-limit-redis\\dist\\index.cjs:201:21)\n    at C:\\Users\\sai\\Desktop\\royal_shetkari_app\\backend\\node_modules\\express-rate-limit\\dist\\index.cjs:897:33\n    at C:\\Users\\sai\\Desktop\\royal_shetkari_app\\backend\\node_modules\\express-rate-limit\\dist\\index.cjs:854:5","timestamp":"2026-06-21 15:18:18","url":"/api/v1/register"}
[31merror[39m: redisClient.call is not a function {"method":"POST","requestId":"26d322f9-2536-411f-ac59-12dafccced52","service":"royal-shetkari-backend","stack":"TypeError: redisClient.call is not a function\n    at RedisStore.call (C:\\Users\\sai\\Desktop\\royal_shetkari_app\\backend\\src\\middleware\\security.js:43:43)\n    at RedisStore.sendCommand (C:\\Users\\sai\\Desktop\\royal_shetkari_app\\backend\\node_modules\\rate-limit-redis\\dist\\index.cjs:85:49)\n    at RedisStore.loadIncrementScript (C:\\Users\\sai\\Desktop\\royal_shetkari_app\\backend\\node_modules\\rate-limit-redis\\dist\\index.cjs:100:31)\n    at RedisStore.retryableIncrement (C:\\Users\\sai\\Desktop\\royal_shetkari_app\\backend\\node_modules\\rate-limit-redis\\dist\\index.cjs:145:38)\n    at RedisStore.increment (C:\\Users\\sai\\Desktop\\royal_shetkari_app\\backend\\node_modules\\rate-limit-redis\\dist\\index.cjs:201:21)\n    at C:\\Users\\sai\\Desktop\\royal_shetkari_app\\backend\\node_modules\\express-rate-limit\\dist\\index.cjs:897:33\n    at C:\\Users\\sai\\Desktop\\royal_shetkari_app\\backend\\node_modules\\express-rate-limit\\dist\\index.cjs:854:5","timestamp":"2026-06-21 15:18:18","url":"/api/v1/register"}
[31merror[39m: redisClient.call is not a function {"method":"POST","requestId":"dd8bb111-9ffc-4a1c-962e-a659c623ce12","service":"royal-shetkari-backend","stack":"TypeError: redisClient.call is not a function\n    at RedisStore.call (C:\\Users\\sai\\Desktop\\royal_shetkari_app\\backend\\src\\middleware\\security.js:43:43)\n    at RedisStore.sendCommand (C:\\Users\\sai\\Desktop\\royal_shetkari_app\\backend\\node_modules\\rate-limit-redis\\dist\\index.cjs:85:49)\n    at RedisStore.loadIncrementScript (C:\\Users\\sai\\Desktop\\royal_shetkari_app\\backend\\node_modules\\rate-limit-redis\\dist\\index.cjs:100:31)\n    at RedisStore.retryableIncrement (C:\\Users\\sai\\Desktop\\royal_shetkari_app\\backend\\node_modules\\rate-limit-redis\\dist\\index.cjs:145:38)\n    at RedisStore.increment (C:\\Users\\sai\\Desktop\\royal_shetkari_app\\backend\\node_modules\\rate-limit-redis\\dist\\index.cjs:201:21)\n    at C:\\Users\\sai\\Desktop\\royal_shetkari_app\\backend\\node_modules\\express-rate-limit\\dist\\index.cjs:897:33\n    at C:\\Users\\sai\\Desktop\\royal_shetkari_app\\backend\\node_modules\\express-rate-limit\\dist\\index.cjs:854:5","timestamp":"2026-06-21 15:18:18","url":"/api/v1/register"}
[31merror[39m: redisClient.call is not a function {"method":"POST","requestId":"6a22794b-c525-4338-942e-55ffb9ce959f","service":"royal-shetkari-backend","stack":"TypeError: redisClient.call is not a function\n    at RedisStore.call (C:\\Users\\sai\\Desktop\\royal_shetkari_app\\backend\\src\\middleware\\security.js:43:43)\n    at RedisStore.sendCommand (C:\\Users\\sai\\Desktop\\royal_shetkari_app\\backend\\node_modules\\rate-limit-redis\\dist\\index.cjs:85:49)\n    at RedisStore.loadIncrementScript (C:\\Users\\sai\\Desktop\\royal_shetkari_app\\backend\\node_modules\\rate-limit-redis\\dist\\index.cjs:100:31)\n    at RedisStore.retryableIncrement (C:\\Users\\sai\\Desktop\\royal_shetkari_app\\backend\\node_modules\\rate-limit-redis\\dist\\index.cjs:145:38)\n    at RedisStore.increment (C:\\Users\\sai\\Desktop\\royal_shetkari_app\\backend\\node_modules\\rate-limit-redis\\dist\\index.cjs:201:21)\n    at C:\\Users\\sai\\Desktop\\royal_shetkari_app\\backend\\node_modules\\express-rate-limit\\dist\\index.cjs:897:33\n    at C:\\Users\\sai\\Desktop\\royal_shetkari_app\\backend\\node_modules\\express-rate-limit\\dist\\index.cjs:854:5","timestamp":"2026-06-21 15:18:18","url":"/api/v1/reset-password"}
[31merror[39m: redisClient.call is not a function {"method":"POST","requestId":"860c94c6-42e2-46e5-a8ad-c84eb19af5cd","service":"royal-shetkari-backend","stack":"TypeError: redisClient.call is not a function\n    at RedisStore.call (C:\\Users\\sai\\Desktop\\royal_shetkari_app\\backend\\src\\middleware\\security.js:43:43)\n    at RedisStore.sendCommand (C:\\Users\\sai\\Desktop\\royal_shetkari_app\\backend\\node_modules\\rate-limit-redis\\dist\\index.cjs:85:49)\n    at RedisStore.loadIncrementScript (C:\\Users\\sai\\Desktop\\royal_shetkari_app\\backend\\node_modules\\rate-limit-redis\\dist\\index.cjs:100:31)\n    at RedisStore.retryableIncrement (C:\\Users\\sai\\Desktop\\royal_shetkari_app\\backend\\node_modules\\rate-limit-redis\\dist\\index.cjs:145:38)\n    at RedisStore.increment (C:\\Users\\sai\\Desktop\\royal_shetkari_app\\backend\\node_modules\\rate-limit-redis\\dist\\index.cjs:201:21)\n    at C:\\Users\\sai\\Desktop\\royal_shetkari_app\\backend\\node_modules\\express-rate-limit\\dist\\index.cjs:897:33\n    at C:\\Users\\sai\\Desktop\\royal_shetkari_app\\backend\\node_modules\\express-rate-limit\\dist\\index.cjs:854:5","timestamp":"2026-06-21 15:18:18","url":"/api/v1/reset-password"}
  console.log
    --- 404 test res.body: {
      status: 'error',
      requestId: '860c94c6-42e2-46e5-a8ad-c84eb19af5cd',
      message: 'redisClient.call is not a function',
      stack: 'TypeError: redisClient.call is not a function\n' +
        '    at RedisStore.call (C:\\Users\\sai\\Desktop\\royal_shetkari_app\\backend\\src\\middleware\\security.js:43:43)\n' +
        '    at RedisStore.sendCommand (C:\\Users\\sai\\Desktop\\royal_shetkari_app\\backend\\node_modules\\rate-limit-redis\\dist\\index.cjs:85:49)\n' +
        '    at RedisStore.loadIncrementScript (C:\\Users\\sai\\Desktop\\royal_shetkari_app\\backend\\node_modules\\rate-limit-redis\\dist\\index.cjs:100:31)\n' +
        '    at RedisStore.retryableIncrement (C:\\Users\\sai\\Desktop\\royal_shetkari_app\\backend\\node_modules\\rate-limit-redis\\dist\\index.cjs:145:38)\n' +
        '    at RedisStore.increment (C:\\Users\\sai\\Desktop\\royal_shetkari_app\\backend\\node_modules\\rate-limit-redis\\dist\\index.cjs:201:21)\n' +
        '    at C:\\Users\\sai\\Desktop\\royal_shetkari_app\\backend\\node_modules\\express-rate-limit\\dist\\index.cjs:897:33\n' +
        '    at C:\\Users\\sai\\Desktop\\royal_shetkari_app\\backend\\node_modules\\express-rate-limit\\dist\\index.cjs:854:5',
      error: { statusCode: 500, status: 'error' }
    }

      at Object.log (tests/integration/auth.test.js:88:15)

[31merror[39m: redisClient.call is not a function {"method":"POST","requestId":"67a8625d-4e68-4cf3-8e1d-3e0e26880c52","service":"royal-shetkari-backend","stack":"TypeError: redisClient.call is not a function\n    at RedisStore.call (C:\\Users\\sai\\Desktop\\royal_shetkari_app\\backend\\src\\middleware\\security.js:43:43)\n    at RedisStore.sendCommand (C:\\Users\\sai\\Desktop\\royal_shetkari_app\\backend\\node_modules\\rate-limit-redis\\dist\\index.cjs:85:49)\n    at RedisStore.loadIncrementScript (C:\\Users\\sai\\Desktop\\royal_shetkari_app\\backend\\node_modules\\rate-limit-redis\\dist\\index.cjs:100:31)\n    at RedisStore.retryableIncrement (C:\\Users\\sai\\Desktop\\royal_shetkari_app\\backend\\node_modules\\rate-limit-redis\\dist\\index.cjs:145:38)\n    at RedisStore.increment (C:\\Users\\sai\\Desktop\\royal_shetkari_app\\backend\\node_modules\\rate-limit-redis\\dist\\index.cjs:201:21)\n    at C:\\Users\\sai\\Desktop\\royal_shetkari_app\\backend\\node_modules\\express-rate-limit\\dist\\index.cjs:897:33\n    at C:\\Users\\sai\\Desktop\\royal_shetkari_app\\backend\\node_modules\\express-rate-limit\\dist\\index.cjs:854:5","timestamp":"2026-06-21 15:18:18","url":"/api/v1/reset-password"}
node.exe : FAIL tests/integration/auth.test.js
At line:1 char:1
+ & "C:\Program Files\nodejs/node.exe" "C:\Program Files\nodejs/node_mo ...
+ ~~~~~~~~~~~~~~~~~~~~~~~~~~~~~~~~~~~~~~~~~~~~~~~~~~~~~~~~~~~~~~~~~~~~~
    + CategoryInfo          : NotSpecified: (FAIL tests/integration/auth.test.js:String) [], RemoteException
    + FullyQualifiedErrorId : NativeCommandError
 
  Auth Integration Tests
    ├ù should register a new user successfully (85 ms)
    ├ù should return 400 for duplicate registration (30 ms)
    ├ù should validate missing fields (29 ms)
    POST /api/v1/auth/reset-password
      ├ù should reset password successfully for registered user (41 ms)
      ├ù should return 404 when resetting password for non-registered mobile (28 ms)
      ├ù should return 400 when validation fails (password too short) (25 ms)

  ΓùÅ Auth Integration Tests ΓÇ║ should register a new user successfully

    expect(received).toEqual(expected) // deep equality

    Expected: 201
    Received: 500

    [0m [90m 27 |[39m       [33m.[39msend(testUser)[33m;[39m
     [90m 28 |[39m
    [31m[1m>[22m[39m[90m 29 |[39m     
expect(res[33m.[39mstatusCode)[33m.[39mtoEqual([35m201[39m)[33m;[39m
     [90m    |[39m                            [31m[1m^[22m[39m
     [90m 30 |[39m     expect(res[33m.[39mbody[33m.[39msuccess)[33m.[39mtoBe([36mtrue[39m)[33m;[39m
     [90m 31 |[39m     expect(res[33m.[39mbody)[33m.[39mtoHaveProperty([32m'devOtp'[39m)[33m;[39m
     [90m 32 |[39m     
expect(res[33m.[39mbody[33m.[39mmobile)[33m.[39mtoBe(testUser[33m.[39mmobile)[33m;[39m[0m

      at Object.toEqual (tests/integration/auth.test.js:29:28)

  ΓùÅ Auth Integration Tests ΓÇ║ should return 400 for duplicate registration

    expect(received).toEqual(expected) // deep equality

    Expected: 201
    Received: 500

    [0m [90m 38 |[39m       [33m.[39msend(testUser)[33m;[39m
     [90m 39 |[39m
    [31m[1m>[22m[39m[90m 40 |[39m     
expect(res[33m.[39mstatusCode)[33m.[39mtoEqual([35m201[39m)[33m;[39m
     [90m    |[39m                            [31m[1m^[22m[39m
     [90m 41 |[39m     expect(res[33m.[39mbody)[33m.[39mtoHaveProperty([32m'message'[39m)[33m;[39m
     [90m 42 |[39m     expect(res[33m.[39mbody[33m.[39mmessage)[33m.[39mtoContain([32m'If the details are 
valid, an OTP has been sent.'[39m)[33m;[39m
     [90m 43 |[39m   })[33m;[39m[0m

      at Object.toEqual (tests/integration/auth.test.js:40:28)

  ΓùÅ Auth Integration Tests ΓÇ║ should validate missing fields

    expect(received).toEqual(expected) // deep equality

    Expected: 400
    Received: 500

    [0m [90m 48 |[39m       [33m.[39msend({ mobile[33m:[39m [32m'123'[39m })[33m;[39m
     [90m 49 |[39m
    [31m[1m>[22m[39m[90m 50 |[39m     
expect(res[33m.[39mstatusCode)[33m.[39mtoEqual([35m400[39m)[33m;[39m
     [90m    |[39m                            [31m[1m^[22m[39m
     [90m 51 |[39m     expect(res[33m.[39mbody[33m.[39mstatus)[33m.[39mtoBe([32m'fail'[39m)[33m;[39m
     [90m 52 |[39m   })[33m;[39m
     [90m 53 |[39m[0m

      at Object.toEqual (tests/integration/auth.test.js:50:28)

  ΓùÅ Auth Integration Tests ΓÇ║ POST /api/v1/auth/reset-password ΓÇ║ should reset password successfully for 
registered user

    expect(received).toEqual(expected) // deep equality

    Expected: 200
    Received: 500

    [0m [90m 70 |[39m         })[33m;[39m
     [90m 71 |[39m
    [31m[1m>[22m[39m[90m 72 |[39m       
expect(res[33m.[39mstatusCode)[33m.[39mtoEqual([35m200[39m)[33m;[39m
     [90m    |[39m                              [31m[1m^[22m[39m
     [90m 73 |[39m       expect(res[33m.[39mbody[33m.[39msuccess)[33m.[39mtoBe([36mtrue[39m)[33m;[39m
     [90m 74 |[39m       
expect(res[33m.[39mbody[33m.[39mmessage)[33m.[39mtoContain([32m'successfully'[39m)[33m;[39m
     [90m 75 |[39m       
expect(res[33m.[39mbody[33m.[39muser)[33m.[39mtoHaveProperty([32m'id'[39m)[33m;[39m[0m

      at Object.toEqual (tests/integration/auth.test.js:72:30)

  ΓùÅ Auth Integration Tests ΓÇ║ POST /api/v1/auth/reset-password ΓÇ║ should return 404 when resetting password for 
non-registered mobile

    expect(received).toEqual(expected) // deep equality

    Expected: 404
    Received: 500

    [0m [90m 87 |[39m
     [90m 88 |[39m       console[33m.[39mlog([32m'--- 404 test res.body:'[39m[33m,[39m 
res[33m.[39mbody)[33m;[39m
    [31m[1m>[22m[39m[90m 89 |[39m       
expect(res[33m.[39mstatusCode)[33m.[39mtoEqual([35m404[39m)[33m;[39m
     [90m    |[39m                              [31m[1m^[22m[39m
     [90m 90 |[39m       expect(res[33m.[39mbody[33m.[39mstatus)[33m.[39mtoBe([32m'fail'[39m)[33m;[39m
     [90m 91 |[39m       expect(res[33m.[39mbody[33m.[39mmessage)[33m.[39mtoContain([32m'Mobile number not 
registered'[39m)[33m;[39m
     [90m 92 |[39m     })[33m;[39m[0m

      at Object.toEqual (tests/integration/auth.test.js:89:30)

  ΓùÅ Auth Integration Tests ΓÇ║ POST /api/v1/auth/reset-password ΓÇ║ should return 400 when validation fails 
(password too short)

    expect(received).toEqual(expected) // deep equality

    Expected: 400
    Received: 500

    [0m [90m 101 |[39m         })[33m;[39m
     [90m 102 |[39m
    [31m[1m>[22m[39m[90m 103 |[39m       
expect(res[33m.[39mstatusCode)[33m.[39mtoEqual([35m400[39m)[33m;[39m
     [90m     |[39m                              [31m[1m^[22m[39m
     [90m 104 |[39m       expect(res[33m.[39mbody[33m.[39mstatus)[33m.[39mtoBe([32m'fail'[39m)[33m;[39m
     [90m 105 |[39m     })[33m;[39m
     [90m 106 |[39m   })[33m;[39m[0m

      at Object.toEqual (tests/integration/auth.test.js:103:30)

Test Suites: 1 failed, 1 total
Tests:       6 failed, 6 total
Snapshots:   0 total
Time:        4.272 s, estimated 5 s
Ran all test suites matching /tests\\integration\\auth.test.js/i.
